.next/dev/types/validator.ts(342,31): error TS2344: Type 'typeof import("D:/DIVY/webDev/Projects/Saarthi/app/api/mock-interview/[id]/route")' does not satisfy the constraint 'RouteHandlerConfig<"/api/mock-interview/[id]">'.
  Types of property 'GET' are incompatible.
    Type '(req: Request, { params }: { params: { id: string; }; }) => Promise<NextResponse<unknown>>' is not assignable to type '(request: NextRequest, context: { params: Promise<{ id: string; }>; }) => void | Response | Promise<void | Response>'.
      Types of parameters '__1' and 'context' are incompatible.
        Type '{ params: Promise<{ id: string; }>; }' is not assignable to type '{ params: { id: string; }; }'.
          Types of property 'params' are incompatible.
            Property 'id' is missing in type 'Promise<{ id: string; }>' but required in type '{ id: string; }'.
.next/types/validator.ts(152,39): error TS2307: Cannot find module '../../app/dashboard/profile/[[...rest]]/page.js' or its corresponding type declarations.
app/(routes)/ai-tools/page.tsx(16,8): error TS7016: Could not find a declaration file for module 'lucide-react'. 'D:/DIVY/webDev/Projects/Saarthi/node_modules/lucide-react/dist/cjs/lucide-react.js' implicitly has an 'any' type.
  Try `npm i --save-dev @types/lucide-react` if it exists or add a new declaration (.d.ts) file containing `declare module 'lucide-react';`
app/(routes)/error.tsx(4,42): error TS7016: Could not find a declaration file for module 'lucide-react'. 'D:/DIVY/webDev/Projects/Saarthi/node_modules/lucide-react/dist/cjs/lucide-react.js' implicitly has an 'any' type.
  Try `npm i --save-dev @types/lucide-react` if it exists or add a new declaration (.d.ts) file containing `declare module 'lucide-react';`
app/(routes)/history/page.tsx(20,8): error TS7016: Could not find a declaration file for module 'lucide-react'. 'D:/DIVY/webDev/Projects/Saarthi/node_modules/lucide-react/dist/cjs/lucide-react.js' implicitly has an 'any' type.
  Try `npm i --save-dev @types/lucide-react` if it exists or add a new declaration (.d.ts) file containing `declare module 'lucide-react';`
app/(routes)/loading.tsx(1,25): error TS7016: Could not find a declaration file for module 'lucide-react'. 'D:/DIVY/webDev/Projects/Saarthi/node_modules/lucide-react/dist/cjs/lucide-react.js' implicitly has an 'any' type.
  Try `npm i --save-dev @types/lucide-react` if it exists or add a new declaration (.d.ts) file containing `declare module 'lucide-react';`
app/(routes)/share/[chatId]/page.tsx(6,65): error TS7016: Could not find a declaration file for module 'lucide-react'. 'D:/DIVY/webDev/Projects/Saarthi/node_modules/lucide-react/dist/cjs/lucide-react.js' implicitly has an 'any' type.
  Try `npm i --save-dev @types/lucide-react` if it exists or add a new declaration (.d.ts) file containing `declare module 'lucide-react';`
app/ai-tools/ai-chat/page.tsx(4,192): error TS7016: Could not find a declaration file for module 'lucide-react'. 'D:/DIVY/webDev/Projects/Saarthi/node_modules/lucide-react/dist/cjs/lucide-react.js' implicitly has an 'any' type.
  Try `npm i --save-dev @types/lucide-react` if it exists or add a new declaration (.d.ts) file containing `declare module 'lucide-react';`
app/ai-tools/ai-chat/page_old.tsx(4,139): error TS7016: Could not find a declaration file for module 'lucide-react'. 'D:/DIVY/webDev/Projects/Saarthi/node_modules/lucide-react/dist/cjs/lucide-react.js' implicitly has an 'any' type.
  Try `npm i --save-dev @types/lucide-react` if it exists or add a new declaration (.d.ts) file containing `declare module 'lucide-react';`
app/ai-tools/course/page.tsx(23,8): error TS7016: Could not find a declaration file for module 'lucide-react'. 'D:/DIVY/webDev/Projects/Saarthi/node_modules/lucide-react/dist/cjs/lucide-react.js' implicitly has an 'any' type.
  Try `npm i --save-dev @types/lucide-react` if it exists or add a new declaration (.d.ts) file containing `declare module 'lucide-react';`
app/ai-tools/cover-letter/page.tsx(17,8): error TS7016: Could not find a declaration file for module 'lucide-react'. 'D:/DIVY/webDev/Projects/Saarthi/node_modules/lucide-react/dist/cjs/lucide-react.js' implicitly has an 'any' type.
  Try `npm i --save-dev @types/lucide-react` if it exists or add a new declaration (.d.ts) file containing `declare module 'lucide-react';`
app/ai-tools/error.tsx(4,42): error TS7016: Could not find a declaration file for module 'lucide-react'. 'D:/DIVY/webDev/Projects/Saarthi/node_modules/lucide-react/dist/cjs/lucide-react.js' implicitly has an 'any' type.
  Try `npm i --save-dev @types/lucide-react` if it exists or add a new declaration (.d.ts) file containing `declare module 'lucide-react';`
app/ai-tools/loading.tsx(1,25): error TS7016: Could not find a declaration file for module 'lucide-react'. 'D:/DIVY/webDev/Projects/Saarthi/node_modules/lucide-react/dist/cjs/lucide-react.js' implicitly has an 'any' type.
  Try `npm i --save-dev @types/lucide-react` if it exists or add a new declaration (.d.ts) file containing `declare module 'lucide-react';`
app/ai-tools/mock-interview/page.tsx(5,87): error TS7016: Could not find a declaration file for module 'lucide-react'. 'D:/DIVY/webDev/Projects/Saarthi/node_modules/lucide-react/dist/cjs/lucide-react.js' implicitly has an 'any' type.
  Try `npm i --save-dev @types/lucide-react` if it exists or add a new declaration (.d.ts) file containing `declare module 'lucide-react';`
app/ai-tools/mock-interview/report/[id]/page.tsx(5,122): error TS7016: Could not find a declaration file for module 'lucide-react'. 'D:/DIVY/webDev/Projects/Saarthi/node_modules/lucide-react/dist/cjs/lucide-react.js' implicitly has an 'any' type.
  Try `npm i --save-dev @types/lucide-react` if it exists or add a new declaration (.d.ts) file containing `declare module 'lucide-react';`
app/ai-tools/mock-interview/room/[id]/page.tsx(5,73): error TS7016: Could not find a declaration file for module 'lucide-react'. 'D:/DIVY/webDev/Projects/Saarthi/node_modules/lucide-react/dist/cjs/lucide-react.js' implicitly has an 'any' type.
  Try `npm i --save-dev @types/lucide-react` if it exists or add a new declaration (.d.ts) file containing `declare module 'lucide-react';`
app/ai-tools/resume-analyzer/page.tsx(5,248): error TS7016: Could not find a declaration file for module 'lucide-react'. 'D:/DIVY/webDev/Projects/Saarthi/node_modules/lucide-react/dist/cjs/lucide-react.js' implicitly has an 'any' type.
  Try `npm i --save-dev @types/lucide-react` if it exists or add a new declaration (.d.ts) file containing `declare module 'lucide-react';`
app/ai-tools/resume-analyzer/ResultsDisplay.tsx(3,36): error TS7016: Could not find a declaration file for module 'lucide-react'. 'D:/DIVY/webDev/Projects/Saarthi/node_modules/lucide-react/dist/cjs/lucide-react.js' implicitly has an 'any' type.
  Try `npm i --save-dev @types/lucide-react` if it exists or add a new declaration (.d.ts) file containing `declare module 'lucide-react';`
app/ai-tools/resume-builder/page.tsx(28,8): error TS7016: Could not find a declaration file for module 'lucide-react'. 'D:/DIVY/webDev/Projects/Saarthi/node_modules/lucide-react/dist/cjs/lucide-react.js' implicitly has an 'any' type.
  Try `npm i --save-dev @types/lucide-react` if it exists or add a new declaration (.d.ts) file containing `declare module 'lucide-react';`
app/ai-tools/roadmap/page.tsx(20,8): error TS7016: Could not find a declaration file for module 'lucide-react'. 'D:/DIVY/webDev/Projects/Saarthi/node_modules/lucide-react/dist/cjs/lucide-react.js' implicitly has an 'any' type.
  Try `npm i --save-dev @types/lucide-react` if it exists or add a new declaration (.d.ts) file containing `declare module 'lucide-react';`
app/ai-tools/writing-studio/page.tsx(27,8): error TS7016: Could not find a declaration file for module 'lucide-react'. 'D:/DIVY/webDev/Projects/Saarthi/node_modules/lucide-react/dist/cjs/lucide-react.js' implicitly has an 'any' type.
  Try `npm i --save-dev @types/lucide-react` if it exists or add a new declaration (.d.ts) file containing `declare module 'lucide-react';`
app/api/ai-career-chat-agent/route.tsx(4,10): error TS2305: Module '"@/lib/ai/groq"' has no exported member 'chatWithGroq'.
app/api/course/route.ts(2,10): error TS2305: Module '"@/lib/ai/groq"' has no exported member 'chatWithGroq'.
app/api/cover-letter/route.ts(2,10): error TS2305: Module '"@/lib/ai/groq"' has no exported member 'chatWithGroq'.
app/api/profile/route.ts(22,10): error TS2305: Module '"@/lib/ai/groq"' has no exported member 'chatWithGroq'.
app/api/resume-analyzer/route.ts(2,10): error TS2305: Module '"@/lib/ai/groq"' has no exported member 'chatWithGroq'.
app/api/roadmap/route.ts(2,10): error TS2305: Module '"@/lib/ai/groq"' has no exported member 'chatWithGroq'.
app/api/writing-studio/route.ts(2,10): error TS2305: Module '"@/lib/ai/groq"' has no exported member 'chatWithGroq'.
app/dashboard/DashboardContent.tsx(3,106): error TS7016: Could not find a declaration file for module 'lucide-react'. 'D:/DIVY/webDev/Projects/Saarthi/node_modules/lucide-react/dist/cjs/lucide-react.js' implicitly has an 'any' type.
  Try `npm i --save-dev @types/lucide-react` if it exists or add a new declaration (.d.ts) file containing `declare module 'lucide-react';`
app/dashboard/error.tsx(4,42): error TS7016: Could not find a declaration file for module 'lucide-react'. 'D:/DIVY/webDev/Projects/Saarthi/node_modules/lucide-react/dist/cjs/lucide-react.js' implicitly has an 'any' type.
  Try `npm i --save-dev @types/lucide-react` if it exists or add a new declaration (.d.ts) file containing `declare module 'lucide-react';`
app/dashboard/loading.tsx(1,25): error TS7016: Could not find a declaration file for module 'lucide-react'. 'D:/DIVY/webDev/Projects/Saarthi/node_modules/lucide-react/dist/cjs/lucide-react.js' implicitly has an 'any' type.
  Try `npm i --save-dev @types/lucide-react` if it exists or add a new declaration (.d.ts) file containing `declare module 'lucide-react';`
app/dashboard/profile/account/[[...rest]]/page.tsx(4,46): error TS7016: Could not find a declaration file for module 'lucide-react'. 'D:/DIVY/webDev/Projects/Saarthi/node_modules/lucide-react/dist/cjs/lucide-react.js' implicitly has an 'any' type.
  Try `npm i --save-dev @types/lucide-react` if it exists or add a new declaration (.d.ts) file containing `declare module 'lucide-react';`
app/dashboard/profile/ProfileClientWrapper.tsx(6,40): error TS7016: Could not find a declaration file for module 'lucide-react'. 'D:/DIVY/webDev/Projects/Saarthi/node_modules/lucide-react/dist/cjs/lucide-react.js' implicitly has an 'any' type.
  Try `npm i --save-dev @types/lucide-react` if it exists or add a new declaration (.d.ts) file containing `declare module 'lucide-react';`
app/page.tsx(5,102): error TS7016: Could not find a declaration file for module 'lucide-react'. 'D:/DIVY/webDev/Projects/Saarthi/node_modules/lucide-react/dist/cjs/lucide-react.js' implicitly has an 'any' type.
  Try `npm i --save-dev @types/lucide-react` if it exists or add a new declaration (.d.ts) file containing `declare module 'lucide-react';`
app/privacy/page.tsx(4,40): error TS7016: Could not find a declaration file for module 'lucide-react'. 'D:/DIVY/webDev/Projects/Saarthi/node_modules/lucide-react/dist/cjs/lucide-react.js' implicitly has an 'any' type.
  Try `npm i --save-dev @types/lucide-react` if it exists or add a new declaration (.d.ts) file containing `declare module 'lucide-react';`
app/terms/page.tsx(4,37): error TS7016: Could not find a declaration file for module 'lucide-react'. 'D:/DIVY/webDev/Projects/Saarthi/node_modules/lucide-react/dist/cjs/lucide-react.js' implicitly has an 'any' type.
  Try `npm i --save-dev @types/lucide-react` if it exists or add a new declaration (.d.ts) file containing `declare module 'lucide-react';`
components/layout/DashboardLayout.tsx(6,30): error TS7016: Could not find a declaration file for module 'lucide-react'. 'D:/DIVY/webDev/Projects/Saarthi/node_modules/lucide-react/dist/cjs/lucide-react.js' implicitly has an 'any' type.
  Try `npm i --save-dev @types/lucide-react` if it exists or add a new declaration (.d.ts) file containing `declare module 'lucide-react';`
components/layout/Footer.tsx(3,50): error TS7016: Could not find a declaration file for module 'lucide-react'. 'D:/DIVY/webDev/Projects/Saarthi/node_modules/lucide-react/dist/cjs/lucide-react.js' implicitly has an 'any' type.
  Try `npm i --save-dev @types/lucide-react` if it exists or add a new declaration (.d.ts) file containing `declare module 'lucide-react';`
components/layout/Sidebar.tsx(19,8): error TS7016: Could not find a declaration file for module 'lucide-react'. 'D:/DIVY/webDev/Projects/Saarthi/node_modules/lucide-react/dist/cjs/lucide-react.js' implicitly has an 'any' type.
  Try `npm i --save-dev @types/lucide-react` if it exists or add a new declaration (.d.ts) file containing `declare module 'lucide-react';`
components/resume/ResumePreview.tsx(3,84): error TS7016: Could not find a declaration file for module 'lucide-react'. 'D:/DIVY/webDev/Projects/Saarthi/node_modules/lucide-react/dist/cjs/lucide-react.js' implicitly has an 'any' type.
  Try `npm i --save-dev @types/lucide-react` if it exists or add a new declaration (.d.ts) file containing `declare module 'lucide-react';`
components/saarthi-profile/AIInsights.tsx(3,125): error TS7016: Could not find a declaration file for module 'lucide-react'. 'D:/DIVY/webDev/Projects/Saarthi/node_modules/lucide-react/dist/cjs/lucide-react.js' implicitly has an 'any' type.
  Try `npm i --save-dev @types/lucide-react` if it exists or add a new declaration (.d.ts) file containing `declare module 'lucide-react';`
components/saarthi-profile/CareerGoals.tsx(3,55): error TS7016: Could not find a declaration file for module 'lucide-react'. 'D:/DIVY/webDev/Projects/Saarthi/node_modules/lucide-react/dist/cjs/lucide-react.js' implicitly has an 'any' type.
  Try `npm i --save-dev @types/lucide-react` if it exists or add a new declaration (.d.ts) file containing `declare module 'lucide-react';`
components/saarthi-profile/CareerJourney.tsx(27,106): error TS7016: Could not find a declaration file for module 'lucide-react'. 'D:/DIVY/webDev/Projects/Saarthi/node_modules/lucide-react/dist/cjs/lucide-react.js' implicitly has an 'any' type.
  Try `npm i --save-dev @types/lucide-react` if it exists or add a new declaration (.d.ts) file containing `declare module 'lucide-react';`
components/saarthi-profile/Onboarding.tsx(4,79): error TS7016: Could not find a declaration file for module 'lucide-react'. 'D:/DIVY/webDev/Projects/Saarthi/node_modules/lucide-react/dist/cjs/lucide-react.js' implicitly has an 'any' type.
  Try `npm i --save-dev @types/lucide-react` if it exists or add a new declaration (.d.ts) file containing `declare module 'lucide-react';`
components/saarthi-profile/ProfessionalLinks.tsx(26,107): error TS7016: Could not find a declaration file for module 'lucide-react'. 'D:/DIVY/webDev/Projects/Saarthi/node_modules/lucide-react/dist/cjs/lucide-react.js' implicitly has an 'any' type.
  Try `npm i --save-dev @types/lucide-react` if it exists or add a new declaration (.d.ts) file containing `declare module 'lucide-react';`
components/saarthi-profile/ProfileHeader.tsx(15,98): error TS7016: Could not find a declaration file for module 'lucide-react'. 'D:/DIVY/webDev/Projects/Saarthi/node_modules/lucide-react/dist/cjs/lucide-react.js' implicitly has an 'any' type.
  Try `npm i --save-dev @types/lucide-react` if it exists or add a new declaration (.d.ts) file containing `declare module 'lucide-react';`
components/saarthi-profile/ResumeIntelligence.tsx(3,77): error TS7016: Could not find a declaration file for module 'lucide-react'. 'D:/DIVY/webDev/Projects/Saarthi/node_modules/lucide-react/dist/cjs/lucide-react.js' implicitly has an 'any' type.
  Try `npm i --save-dev @types/lucide-react` if it exists or add a new declaration (.d.ts) file containing `declare module 'lucide-react';`
components/saarthi-profile/SkillsAndProjects.tsx(27,122): error TS7016: Could not find a declaration file for module 'lucide-react'. 'D:/DIVY/webDev/Projects/Saarthi/node_modules/lucide-react/dist/cjs/lucide-react.js' implicitly has an 'any' type.
  Try `npm i --save-dev @types/lucide-react` if it exists or add a new declaration (.d.ts) file containing `declare module 'lucide-react';`
components/ui/breadcrumb.tsx(3,46): error TS7016: Could not find a declaration file for module 'lucide-react'. 'D:/DIVY/webDev/Projects/Saarthi/node_modules/lucide-react/dist/cjs/lucide-react.js' implicitly has an 'any' type.
  Try `npm i --save-dev @types/lucide-react` if it exists or add a new declaration (.d.ts) file containing `declare module 'lucide-react';`
components/ui/command.tsx(6,24): error TS7016: Could not find a declaration file for module 'lucide-react'. 'D:/DIVY/webDev/Projects/Saarthi/node_modules/lucide-react/dist/cjs/lucide-react.js' implicitly has an 'any' type.
  Try `npm i --save-dev @types/lucide-react` if it exists or add a new declaration (.d.ts) file containing `declare module 'lucide-react';`
components/ui/dialog.tsx(5,19): error TS7016: Could not find a declaration file for module 'lucide-react'. 'D:/DIVY/webDev/Projects/Saarthi/node_modules/lucide-react/dist/cjs/lucide-react.js' implicitly has an 'any' type.
  Try `npm i --save-dev @types/lucide-react` if it exists or add a new declaration (.d.ts) file containing `declare module 'lucide-react';`
components/ui/dropdown-menu.tsx(5,45): error TS7016: Could not find a declaration file for module 'lucide-react'. 'D:/DIVY/webDev/Projects/Saarthi/node_modules/lucide-react/dist/cjs/lucide-react.js' implicitly has an 'any' type.
  Try `npm i --save-dev @types/lucide-react` if it exists or add a new declaration (.d.ts) file containing `declare module 'lucide-react';`
components/ui/pagination.tsx(2,59): error TS7016: Could not find a declaration file for module 'lucide-react'. 'D:/DIVY/webDev/Projects/Saarthi/node_modules/lucide-react/dist/cjs/lucide-react.js' implicitly has an 'any' type.
  Try `npm i --save-dev @types/lucide-react` if it exists or add a new declaration (.d.ts) file containing `declare module 'lucide-react';`
components/ui/resizable.tsx(3,30): error TS7016: Could not find a declaration file for module 'lucide-react'. 'D:/DIVY/webDev/Projects/Saarthi/node_modules/lucide-react/dist/cjs/lucide-react.js' implicitly has an 'any' type.
  Try `npm i --save-dev @types/lucide-react` if it exists or add a new declaration (.d.ts) file containing `declare module 'lucide-react';`
components/ui/select.tsx(5,47): error TS7016: Could not find a declaration file for module 'lucide-react'. 'D:/DIVY/webDev/Projects/Saarthi/node_modules/lucide-react/dist/cjs/lucide-react.js' implicitly has an 'any' type.
  Try `npm i --save-dev @types/lucide-react` if it exists or add a new declaration (.d.ts) file containing `declare module 'lucide-react';`
components/ui/sheet.tsx(6,19): error TS7016: Could not find a declaration file for module 'lucide-react'. 'D:/DIVY/webDev/Projects/Saarthi/node_modules/lucide-react/dist/cjs/lucide-react.js' implicitly has an 'any' type.
  Try `npm i --save-dev @types/lucide-react` if it exists or add a new declaration (.d.ts) file containing `declare module 'lucide-react';`
components/ui/sidebar.tsx(6,27): error TS7016: Could not find a declaration file for module 'lucide-react'. 'D:/DIVY/webDev/Projects/Saarthi/node_modules/lucide-react/dist/cjs/lucide-react.js' implicitly has an 'any' type.
  Try `npm i --save-dev @types/lucide-react` if it exists or add a new declaration (.d.ts) file containing `declare module 'lucide-react';`
components/ui/spinner.tsx(1,29): error TS7016: Could not find a declaration file for module 'lucide-react'. 'D:/DIVY/webDev/Projects/Saarthi/node_modules/lucide-react/dist/cjs/lucide-react.js' implicitly has an 'any' type.
  Try `npm i --save-dev @types/lucide-react` if it exists or add a new declaration (.d.ts) file containing `declare module 'lucide-react';`
lib/ai/assistant-utils.ts(2,10): error TS2305: Module '"./groq"' has no exported member 'chatWithGroq'.
lib/ai/bedrock.ts(1,10): error TS2305: Module '"./groq"' has no exported member 'chatWithGroq'.
